// Jest Snapshot v1, https://goo.gl/fbAQLP

exports[`QuizQuestionText should render QuizQuestionText 1`] = `
<div>
  <h2
    class="question"
  >
    Question
  </h2>
</div>
`;
