// Jest Snapshot v1, https://goo.gl/fbAQLP

exports[`QuizAnswerSelected should render QuizAnswerSelected 1`] = `
<div>
  <div
    class="hexagon selected"
  >
    <p
      class="answerText"
    >
      <span
        class="letter"
      >
        A
      </span>
      <span>
        Answer
      </span>
    </p>
  </div>
</div>
`;
