// Jest Snapshot v1, https://goo.gl/fbAQLP

exports[`QuizStepInactive should match snapshot 1`] = `
<div>
  <article
    class="step"
  >
    <p>
      $100
    </p>
  </article>
</div>
`;
